<?xml version="1.0" encoding="utf-8"?>
<androidx.constraintlayout.widget.ConstraintLayout xmlns:android="http://schemas.android.com/apk/res/android"
    xmlns:app="http://schemas.android.com/apk/res-auto"
    xmlns:tools="http://schemas.android.com/tools"
    android:layout_width="match_parent"
    android:layout_height="match_parent"
    tools:context=".activitylmcrealEXPECTED">

    <TextView
        android:id="@+id/textView21"
        android:layout_width="wrap_content"
        android:layout_height="wrap_content"
        android:layout_alignParentEnd="true"
        android:layout_alignParentBottom="true"
        android:layout_marginEnd="96dp"
        android:layout_marginBottom="480dp"
        android:text="LM Chamber EXP"
        android:textColor="#800000"
        android:textSize="20sp"
        app:layout_constraintBottom_toBottomOf="parent"
        app:layout_constraintEnd_toEndOf="parent" />

    <TextView
        android:id="@+id/textView33"
        android:layout_width="156dp"
        android:layout_height="158dp"
        android:layout_alignParentEnd="true"
        android:layout_alignParentBottom="true"
        android:layout_marginTop="100dp"
        android:background="#FBBABA"
        android:text="Normal oxygen level(s):NA \nNormal Co2 levels: NA\nNormal Methane levels: NA\nNormal Ethylene levels: NA\nNormal Nitrogen levels: NA\nNormal temp levels: NA\nNormal humid levels: NA\nNormal CO levels: NA\nNormal level: NA\nNormal flow: NA"
        android:textColor="#800000"
        android:textSize="12sp"
        app:layout_constraintStart_toStartOf="parent"
        app:layout_constraintTop_toTopOf="parent" />

    <Button
        android:id="@+id/buttonbackexpec4"
        android:layout_width="wrap_content"
        android:layout_height="wrap_content"
        android:layout_marginTop="368dp"
        android:layout_marginEnd="216dp"
        android:text="Back"
        app:layout_constraintEnd_toEndOf="parent"
        app:layout_constraintTop_toTopOf="parent" />
</androidx.constraintlayout.widget.ConstraintLayout>